{"type": "counter", "name": "reconcile.start", "value": 1, "tags": {"bank_name": "MBB02"}, "ts": "2025-10-24T07:55:57.036901Z"}
{"type": "timing", "name": "reconcile.load_data", "value": 73.21059994865209, "tags": {"cid": "run-20251024T075557-19384"}, "ts": "2025-10-24T07:55:57.110739Z"}
{"type": "timing", "name": "reconcile.core", "value": 35109.972399892285, "tags": {"cid": "run-20251024T075557-19384"}, "ts": "2025-10-24T07:56:32.221342Z"}
{"type": "gauge", "name": "reconcile.results_count", "value": 122.0, "tags": {"cid": "run-20251024T075557-19384"}, "ts": "2025-10-24T07:56:32.221342Z"}
{"type": "timing", "name": "reconcile.export", "value": 590.1988999685273, "tags": {"cid": "run-20251024T075557-19384"}, "ts": "2025-10-24T07:56:32.811797Z"}
{"type": "counter", "name": "reconcile.start", "value": 1, "tags": {"bank_name": "MBB02"}, "ts": "2025-10-24T07:59:49.921536Z"}
{"type": "timing", "name": "reconcile.load_data", "value": 43.02040010225028, "tags": {"cid": "run-20251024T075949-14196"}, "ts": "2025-10-24T07:59:49.964905Z"}
{"type": "timing", "name": "reconcile.core", "value": 30804.61590003688, "tags": {"cid": "run-20251024T075949-14196"}, "ts": "2025-10-24T08:00:20.769980Z"}
{"type": "gauge", "name": "reconcile.results_count", "value": 122.0, "tags": {"cid": "run-20251024T075949-14196"}, "ts": "2025-10-24T08:00:20.769980Z"}
{"type": "timing", "name": "reconcile.export", "value": 279.12890003062785, "tags": {"cid": "run-20251024T075949-14196"}, "ts": "2025-10-24T08:00:21.049617Z"}
{"type": "counter", "name": "reconcile.start", "value": 1, "tags": {"bank_name": "MBB02"}, "ts": "2025-10-27T04:13:59.204741Z"}
{"type": "timing", "name": "reconcile.load_data", "value": 75.3139000153169, "tags": {"cid": "run-20251027T041359-14140"}, "ts": "2025-10-27T04:13:59.281371Z"}
{"type": "timing", "name": "reconcile.core", "value": 35226.63140005898, "tags": {"cid": "run-20251027T041359-14140"}, "ts": "2025-10-27T04:14:34.508896Z"}
{"type": "gauge", "name": "reconcile.results_count", "value": 122.0, "tags": {"cid": "run-20251027T041359-14140"}, "ts": "2025-10-27T04:14:34.508896Z"}
{"type": "timing", "name": "reconcile.export", "value": 536.5703999996185, "tags": {"cid": "run-20251027T041359-14140"}, "ts": "2025-10-27T04:14:35.046345Z"}
{"type": "counter", "name": "reconcile.start", "value": 1, "tags": {"bank_name": "MBB02"}, "ts": "2025-10-28T06:20:01.951293Z"}
{"type": "timing", "name": "reconcile.load_data", "value": 156.77090000826865, "tags": {"cid": "run-20251028T062001-23424"}, "ts": "2025-10-28T06:20:02.119549Z"}
{"type": "timing", "name": "reconcile.core", "value": 34786.68700007256, "tags": {"cid": "run-20251028T062001-23424"}, "ts": "2025-10-28T06:20:36.906243Z"}
{"type": "gauge", "name": "reconcile.results_count", "value": 122.0, "tags": {"cid": "run-20251028T062001-23424"}, "ts": "2025-10-28T06:20:36.907314Z"}
{"type": "timing", "name": "reconcile.export", "value": 536.8802000302821, "tags": {"cid": "run-20251028T062001-23424"}, "ts": "2025-10-28T06:20:37.443723Z"}
{"type": "counter", "name": "reconcile.start", "value": 1, "tags": {"bank_name": "MBB02"}, "ts": "2025-10-28T06:42:35.338185Z"}
{"type": "timing", "name": "reconcile.load_data", "value": 41.44459997769445, "tags": {"cid": "run-20251028T064235-24136"}, "ts": "2025-10-28T06:42:35.380580Z"}
{"type": "timing", "name": "reconcile.core", "value": 31765.690499916673, "tags": {"cid": "run-20251028T064235-24136"}, "ts": "2025-10-28T06:43:07.146216Z"}
{"type": "gauge", "name": "reconcile.results_count", "value": 122.0, "tags": {"cid": "run-20251028T064235-24136"}, "ts": "2025-10-28T06:43:07.147256Z"}
{"type": "timing", "name": "reconcile.export", "value": 153.57089997269213, "tags": {"cid": "run-20251028T064235-24136"}, "ts": "2025-10-28T06:43:07.300527Z"}
{"type": "counter", "name": "reconcile.start", "value": 1, "tags": {"bank_name": "MBB02"}, "ts": "2025-10-29T04:06:22.323242Z"}
{"type": "timing", "name": "reconcile.load_data", "value": 68.14699992537498, "tags": {"cid": "run-20251029T040622-16264"}, "ts": "2025-10-29T04:06:22.403369Z"}
{"type": "timing", "name": "reconcile.core", "value": 137.17880006879568, "tags": {"cid": "run-20251029T040622-16264"}, "ts": "2025-10-29T04:06:22.546097Z"}
{"type": "counter", "name": "reconcile.start", "value": 1, "tags": {"bank_name": "MBB02"}, "ts": "2025-10-29T04:19:03.919924Z"}
{"type": "timing", "name": "reconcile.load_data", "value": 81.82790013961494, "tags": {"cid": "run-20251029T041903-10648"}, "ts": "2025-10-29T04:19:04.009946Z"}
{"type": "timing", "name": "reconcile.core", "value": 33631.51520001702, "tags": {"cid": "run-20251029T041903-10648"}, "ts": "2025-10-29T04:19:37.640240Z"}
{"type": "gauge", "name": "reconcile.results_count", "value": 104.0, "tags": {"cid": "run-20251029T041903-10648"}, "ts": "2025-10-29T04:19:37.640240Z"}
{"type": "timing", "name": "reconcile.export", "value": 574.9129001051188, "tags": {"cid": "run-20251029T041903-10648"}, "ts": "2025-10-29T04:19:38.212540Z"}
{"type": "counter", "name": "reconcile.start", "value": 1, "tags": {"bank_name": "MBB02"}, "ts": "2025-10-29T08:55:36.054844Z"}
{"type": "timing", "name": "reconcile.load_data", "value": 51.09269986860454, "tags": {"cid": "run-20251029T085536-7628"}, "ts": "2025-10-29T08:55:36.106001Z"}
{"type": "timing", "name": "reconcile.core", "value": 105.7204999960959, "tags": {"cid": "run-20251029T085536-7628"}, "ts": "2025-10-29T08:55:36.211893Z"}
{"type": "counter", "name": "reconcile.start", "value": 1, "tags": {"bank_name": "MBB02"}, "ts": "2025-10-30T08:39:55.000694Z"}
{"type": "timing", "name": "reconcile.load_data", "value": 80.07670007646084, "tags": {"cid": "run-20251030T083954-23272"}, "ts": "2025-10-30T08:39:55.096973Z"}
{"type": "timing", "name": "reconcile.core", "value": 34971.284199971706, "tags": {"cid": "run-20251030T083954-23272"}, "ts": "2025-10-30T08:40:30.069355Z"}
{"type": "gauge", "name": "reconcile.results_count", "value": 104.0, "tags": {"cid": "run-20251030T083954-23272"}, "ts": "2025-10-30T08:40:30.069355Z"}
{"type": "timing", "name": "reconcile.export", "value": 532.0609998889267, "tags": {"cid": "run-20251030T083954-23272"}, "ts": "2025-10-30T08:40:30.596569Z"}
{"type": "counter", "name": "reconcile.start", "value": 1, "tags": {"bank_name": "MBB02"}, "ts": "2025-11-03T04:45:57.422224Z"}
{"type": "timing", "name": "reconcile.load_data", "value": 87.84699998795986, "tags": {"cid": "run-20251103T044557-18064"}, "ts": "2025-11-03T04:45:57.505841Z"}
{"type": "timing", "name": "reconcile.core", "value": 62134.181400062516, "tags": {"cid": "run-20251103T044557-18064"}, "ts": "2025-11-03T04:46:59.634636Z"}
{"type": "gauge", "name": "reconcile.results_count", "value": 104.0, "tags": {"cid": "run-20251103T044557-18064"}, "ts": "2025-11-03T04:46:59.634636Z"}
{"type": "timing", "name": "reconcile.export", "value": 526.1236000806093, "tags": {"cid": "run-20251103T044557-18064"}, "ts": "2025-11-03T04:47:00.162056Z"}
{"type": "counter", "name": "reconcile.start", "value": 1, "tags": {"bank_name": "MBB02"}, "ts": "2025-11-03T07:56:44.414652Z"}
{"type": "timing", "name": "reconcile.load_data", "value": 77.17980002053082, "tags": {"cid": "run-20251103T075644-12200"}, "ts": "2025-11-03T07:56:44.491609Z"}
{"type": "timing", "name": "reconcile.core", "value": 57386.10409991816, "tags": {"cid": "run-20251103T075644-12200"}, "ts": "2025-11-03T07:57:41.878590Z"}
{"type": "gauge", "name": "reconcile.results_count", "value": 104.0, "tags": {"cid": "run-20251103T075644-12200"}, "ts": "2025-11-03T07:57:41.878590Z"}
{"type": "timing", "name": "reconcile.export", "value": 191.4717999752611, "tags": {"cid": "run-20251103T075644-12200"}, "ts": "2025-11-03T07:57:42.071211Z"}
{"type": "counter", "name": "reconcile.start", "value": 1, "tags": {"bank_name": "MBB02"}, "ts": "2025-11-03T08:42:33.379108Z"}
{"type": "timing", "name": "reconcile.load_data", "value": 120.3604000620544, "tags": {"cid": "run-20251103T084233-25016"}, "ts": "2025-11-03T08:42:33.500103Z"}
{"type": "timing", "name": "reconcile.core", "value": 103481.5905999858, "tags": {"cid": "run-20251103T084233-25016"}, "ts": "2025-11-03T08:44:16.982479Z"}
{"type": "gauge", "name": "reconcile.results_count", "value": 104.0, "tags": {"cid": "run-20251103T084233-25016"}, "ts": "2025-11-03T08:44:16.982479Z"}
{"type": "timing", "name": "reconcile.export", "value": 701.8614998087287, "tags": {"cid": "run-20251103T084233-25016"}, "ts": "2025-11-03T08:44:17.685830Z"}
